// Jest Snapshot v1, https://goo.gl/fbAQLP

exports[`test suites test module: module 1`] = `"module"`;
